Flutter crash report.
Please report a bug at https://github.com/flutter/flutter/issues.

## command

flutter analyze

## exception

PathNotFoundException: PathNotFoundException: Directory listing failed, path = 'C:\tools\flutter\examples\*' (OS Error: The system cannot find the path specified, errno = 3)

```
#0      _Directory._fillWithDirectoryListing (dart:io-patch/directory_patch.dart:49:4)
#1      _Directory.listSync (dart:io/directory_impl.dart:259:5)
#2      ForwardingDirectory.listSync (package:file/src/forwarding/forwarding_directory.dart:43:12)
#3      ForwardingDirectory.listSync (package:file/src/forwarding/forwarding_directory.dart:43:12)
#4      FlutterCommandRunner._gatherProjectPaths (package:flutter_tools/src/runner/flutter_command_runner.dart:525:10)
#5      FlutterCommandRunner.getRepoPackages.<anonymous closure> (package:flutter_tools/src/runner/flutter_command_runner.dart:513:42)
#6      ExpandIterator.moveNext (dart:_internal/iterable.dart:510:31)
#7      MappedIterator.moveNext (dart:_internal/iterable.dart:419:19)
#8      new _GrowableList._ofOther (dart:core-patch/growable_array.dart:207:26)
#9      new _GrowableList.of (dart:core-patch/growable_array.dart:156:26)
#10     new List.of (dart:core-patch/array_patch.dart:39:18)
#11     Iterable.toList (dart:core/iterable.dart:517:7)
#12     FlutterCommandRunner.getRepoPackages (package:flutter_tools/src/runner/flutter_command_runner.dart:515:10)
#13     AnalyzeCommand.runCommand (package:flutter_tools/src/commands/analyze.dart:383:17)
#14     FlutterCommand.verifyThenRunCommand (package:flutter_tools/src/runner/flutter_command.dart:1938:12)
<asynchronous suspension>
#15     FlutterCommand.run.<anonymous closure> (package:flutter_tools/src/runner/flutter_command.dart:1590:27)
<asynchronous suspension>
#16     AppContext.run.<anonymous closure> (package:flutter_tools/src/base/context.dart:154:19)
<asynchronous suspension>
#17     CommandRunner.runCommand (package:args/command_runner.dart:212:13)
<asynchronous suspension>
#18     FlutterCommandRunner.runCommand.<anonymous closure> (package:flutter_tools/src/runner/flutter_command_runner.dart:496:9)
<asynchronous suspension>
#19     AppContext.run.<anonymous closure> (package:flutter_tools/src/base/context.dart:154:19)
<asynchronous suspension>
#20     FlutterCommandRunner.runCommand (package:flutter_tools/src/runner/flutter_command_runner.dart:431:5)
<asynchronous suspension>
#21     FlutterCommandRunner.run.<anonymous closure> (package:flutter_tools/src/runner/flutter_command_runner.dart:307:33)
<asynchronous suspension>
#22     run.<anonymous closure>.<anonymous closure> (package:flutter_tools/runner.dart:104:11)
<asynchronous suspension>
#23     AppContext.run.<anonymous closure> (package:flutter_tools/src/base/context.dart:154:19)
<asynchronous suspension>
#24     main (package:flutter_tools/executable.dart:103:3)
<asynchronous suspension>
```

## flutter doctor

```
[✓] Flutter (Channel stable, 3.41.6, on Microsoft Windows [Version 10.0.22631.6199], locale en-US) [1,714ms]
    • Flutter version 3.41.6 on channel stable at C:\tools\flutter
    • Upstream repository https://github.com/flutter/flutter.git
    • Framework revision db50e20168 (10 weeks ago), 2026-03-25 16:21:00 -0700
    • Engine revision 425cfb54d0
    • Dart version 3.11.4
    • DevTools version 2.54.2
    • Feature flags: enable-web, enable-linux-desktop, enable-macos-desktop, enable-windows-desktop, enable-android, enable-ios, cli-animations, enable-native-assets, omit-legacy-version-file, enable-lldb-debugging, enable-uiscene-migration

[✓] Windows Version (11 Pro 64-bit, 23H2, 2009) [7.9s]

[✓] Android toolchain - develop for Android devices (Android SDK version 36.1.0) [15.1s]
    • Android SDK at C:\Users\Administrator\AppData\Local\Android\Sdk
    • Emulator version 36.4.9.0 (build_id 14788078) (CL:N/A)
    • Platform android-CinnamonBun, build-tools 36.1.0
    • ANDROID_HOME = C:\Users\Administrator\AppData\Local\Android\Sdk
    • Java binary at: C:\Program Files\Eclipse Adoptium\jdk-17.0.19.10-hotspot\bin\java
      This JDK is specified by the JAVA_HOME environment variable.
      To manually set the JDK path, use: `flutter config --jdk-dir="path/to/jdk"`.
    • Java version OpenJDK Runtime Environment Temurin-17.0.19+10 (build 17.0.19+10)
    • All Android licenses accepted.

[✓] Chrome - develop for the web [941ms]
    • Chrome at C:\Program Files\Google\Chrome\Application\chrome.exe

[!] Visual Studio - develop Windows apps (Visual Studio Build Tools 2026 18.3.2) [937ms]
    • Visual Studio at C:\Program Files (x86)\Microsoft Visual Studio\18\BuildTools
    • Visual Studio Build Tools 2026 version 18.3.11520.95
    ✗ The current Visual Studio installation is incomplete.
      Please use Visual Studio Installer to complete the installation or reinstall Visual Studio.

[✓] Connected device (3 available) [1,418ms]
    • Windows (desktop) • windows • windows-x64    • Microsoft Windows [Version 10.0.22631.6199]
    • Chrome (web)      • chrome  • web-javascript • Google Chrome 148.0.7778.217
    • Edge (web)        • edge    • web-javascript • Microsoft Edge 146.0.3856.62

[✓] Network resources [1,334ms]
    • All expected network resources are available.

! Doctor found issues in 1 category.
```
